graph: { title: "/muen/components/sm/src/exit_handlers-io_instruction.adb"
node: { title: "debug_ops__put_value16" label: "Put_Value16\n/muen/components/sm/debug/debug_ops.ads:42:14" shape : ellipse }
node: { title: "devices__rtc__emulate" label: "Emulate\n/muen/components/sm/src/devices-rtc.ads:34:14" shape : ellipse }
node: { title: "devices__uart8250__emulate" label: "Emulate\n/muen/components/sm/src/devices-uart8250.ads:40:14" shape : ellipse }
node: { title: "devices__i8042__emulate" label: "Emulate\n/muen/components/sm/src/devices-i8042.ads:26:14" shape : ellipse }
node: { title: "debug_ops__put_value8" label: "Put_Value8\n/muen/components/sm/debug/debug_ops.ads:37:14" shape : ellipse }
node: { title: "types__to_io_info" label: "To_Io_Info\n/muen/components/sm/src/types.ads:82:13" shape : ellipse }
node: { title: "debug_ops__put_value32" label: "Put_Value32\n/muen/components/sm/debug/debug_ops.ads:47:14" shape : ellipse }
node: { title: "debug_ops__put_line" label: "Put_Line\n/muen/components/sm/debug/debug_ops.ads:28:14" shape : ellipse }
node: { title: "debug_ops__put_word16" label: "Put_Word16\n/muen/components/sm/debug/debug_ops.ads:31:14" shape : ellipse }
node: { title: "debug_ops__put_string" label: "Put_String\n/muen/components/sm/debug/debug_ops.ads:25:14" shape : ellipse }
node: { title: "exit_handlers__io_instruction__process" label: "Process\n/muen/components/sm/src/exit_handlers-io_instruction.adb:68:4\n112 bytes (static)" }
edge: { sourcename: "exit_handlers__io_instruction__process" targetname: "debug_ops__put_value16" label: "/muen/components/sm/src/exit_handlers-io_instruction.adb:126:39" }
edge: { sourcename: "exit_handlers__io_instruction__process" targetname: "devices__rtc__emulate" label: "/muen/components/sm/src/exit_handlers-io_instruction.adb:122:27" }
edge: { sourcename: "exit_handlers__io_instruction__process" targetname: "devices__uart8250__emulate" label: "/muen/components/sm/src/exit_handlers-io_instruction.adb:118:32" }
edge: { sourcename: "exit_handlers__io_instruction__process" targetname: "devices__i8042__emulate" label: "/muen/components/sm/src/exit_handlers-io_instruction.adb:114:29" }
edge: { sourcename: "exit_handlers__io_instruction__process" targetname: "/muen/components/sm/src/exit_handlers-io_instruction.adb:exit_handlers__io_instruction__ignore_access" label: "/muen/components/sm/src/exit_handlers-io_instruction.adb:112:16" }
edge: { sourcename: "exit_handlers__io_instruction__process" targetname: "debug_ops__put_value8" label: "/muen/components/sm/src/exit_handlers-io_instruction.adb:82:22" }
edge: { sourcename: "exit_handlers__io_instruction__process" targetname: "debug_ops__put_line" label: "/muen/components/sm/src/exit_handlers-io_instruction.adb:77:22" }
edge: { sourcename: "exit_handlers__io_instruction__process" targetname: "types__to_io_info" label: "/muen/components/sm/src/exit_handlers-io_instruction.adb:71:7" }
node: { title: "/muen/components/sm/src/exit_handlers-io_instruction.adb:exit_handlers__io_instruction__ignore_access" label: "Ignore_Access\n/muen/components/sm/src/exit_handlers-io_instruction.adb:33:4\n112 bytes (static)" }
edge: { sourcename: "/muen/components/sm/src/exit_handlers-io_instruction.adb:exit_handlers__io_instruction__ignore_access" targetname: "debug_ops__put_value32" label: "/muen/components/sm/src/exit_handlers-io_instruction.adb:61:30" }
edge: { sourcename: "/muen/components/sm/src/exit_handlers-io_instruction.adb:exit_handlers__io_instruction__ignore_access" targetname: "debug_ops__put_line" label: "/muen/components/sm/src/exit_handlers-io_instruction.adb:59:30" }
edge: { sourcename: "/muen/components/sm/src/exit_handlers-io_instruction.adb:exit_handlers__io_instruction__ignore_access" targetname: "debug_ops__put_string" label: "/muen/components/sm/src/exit_handlers-io_instruction.adb:45:37" }
edge: { sourcename: "/muen/components/sm/src/exit_handlers-io_instruction.adb:exit_handlers__io_instruction__ignore_access" targetname: "debug_ops__put_word16" label: "/muen/components/sm/src/exit_handlers-io_instruction.adb:44:37" }
edge: { sourcename: "/muen/components/sm/src/exit_handlers-io_instruction.adb:exit_handlers__io_instruction__ignore_access" targetname: "debug_ops__put_string" label: "/muen/components/sm/src/exit_handlers-io_instruction.adb:43:37" }
}
