graph: { title: "/muen/components/sm/src/exit_handlers-ept_violation.adb"
node: { title: "debug_ops__put_value64" label: "Put_Value64\n/muen/components/sm/debug/debug_ops.ads:52:14" shape : ellipse }
node: { title: "debug_ops__put_string" label: "Put_String\n/muen/components/sm/debug/debug_ops.ads:25:14" shape : ellipse }
node: { title: "sk__bit_test" label: "BIT_TEST\n/muen/common/src/sk.ads:129:13" shape : ellipse }
node: { title: "exit_handlers__ept_violation__process" label: "Process\n/muen/components/sm/src/exit_handlers-ept_violation.adb:79:4\n128 bytes (static)" }
edge: { sourcename: "exit_handlers__ept_violation__process" targetname: "debug_ops__put_value64" label: "/muen/components/sm/src/exit_handlers-ept_violation.adb:102:56" }
edge: { sourcename: "exit_handlers__ept_violation__process" targetname: "debug_ops__put_string" label: "/muen/components/sm/src/exit_handlers-ept_violation.adb:101:30" }
edge: { sourcename: "exit_handlers__ept_violation__process" targetname: "debug_ops__put_string" label: "/muen/components/sm/src/exit_handlers-ept_violation.adb:99:30" }
edge: { sourcename: "exit_handlers__ept_violation__process" targetname: "debug_ops__put_string" label: "/muen/components/sm/src/exit_handlers-ept_violation.adb:97:30" }
edge: { sourcename: "exit_handlers__ept_violation__process" targetname: "/muen/components/sm/src/exit_handlers-ept_violation.adb:exit_handlers__ept_violation__to_eptv_info" label: "/muen/components/sm/src/exit_handlers-ept_violation.adb:84:7" }
node: { title: "/muen/components/sm/src/exit_handlers-ept_violation.adb:exit_handlers__ept_violation__to_eptv_info" label: "To_Eptv_Info\n/muen/components/sm/src/exit_handlers-ept_violation.adb:54:4\n48 bytes (static)" }
edge: { sourcename: "/muen/components/sm/src/exit_handlers-ept_violation.adb:exit_handlers__ept_violation__to_eptv_info" targetname: "sk__bit_test" label: "/muen/components/sm/src/exit_handlers-ept_violation.adb:72:35" }
edge: { sourcename: "/muen/components/sm/src/exit_handlers-ept_violation.adb:exit_handlers__ept_violation__to_eptv_info" targetname: "sk__bit_test" label: "/muen/components/sm/src/exit_handlers-ept_violation.adb:70:35" }
edge: { sourcename: "/muen/components/sm/src/exit_handlers-ept_violation.adb:exit_handlers__ept_violation__to_eptv_info" targetname: "sk__bit_test" label: "/muen/components/sm/src/exit_handlers-ept_violation.adb:68:35" }
edge: { sourcename: "/muen/components/sm/src/exit_handlers-ept_violation.adb:exit_handlers__ept_violation__to_eptv_info" targetname: "sk__bit_test" label: "/muen/components/sm/src/exit_handlers-ept_violation.adb:66:35" }
edge: { sourcename: "/muen/components/sm/src/exit_handlers-ept_violation.adb:exit_handlers__ept_violation__to_eptv_info" targetname: "sk__bit_test" label: "/muen/components/sm/src/exit_handlers-ept_violation.adb:64:35" }
edge: { sourcename: "/muen/components/sm/src/exit_handlers-ept_violation.adb:exit_handlers__ept_violation__to_eptv_info" targetname: "sk__bit_test" label: "/muen/components/sm/src/exit_handlers-ept_violation.adb:62:35" }
edge: { sourcename: "/muen/components/sm/src/exit_handlers-ept_violation.adb:exit_handlers__ept_violation__to_eptv_info" targetname: "sk__bit_test" label: "/muen/components/sm/src/exit_handlers-ept_violation.adb:60:35" }
edge: { sourcename: "/muen/components/sm/src/exit_handlers-ept_violation.adb:exit_handlers__ept_violation__to_eptv_info" targetname: "sk__bit_test" label: "/muen/components/sm/src/exit_handlers-ept_violation.adb:58:35" }
}
