graph: { title: "/muen/components/libmusinfo/src/musinfo-utils.adb"
node: { title: "memcmp" label: "builtin_memcmp\n<built-in>" shape : ellipse }
node: { title: "musinfo__utils___elabs" label: "Utils\n/muen/components/libmusinfo/src/musinfo-utils.ads:29:1\n16 bytes (static)" }
node: { title: "musinfo__utils__to_name" label: "To_Name\n/muen/components/libmusinfo/src/musinfo-utils.adb:231:4\n16 bytes (static)" }
node: { title: "musinfo__utils__next" label: "Next\n/muen/components/libmusinfo/src/musinfo-utils.adb:217:4\n16 bytes (static)" }
node: { title: "musinfo__utils__memory_by_name" label: "Memory_By_Name\n/muen/components/libmusinfo/src/musinfo-utils.adb:186:4\n112 bytes (static)" }
edge: { sourcename: "musinfo__utils__memory_by_name" targetname: "musinfo__utils__names_match" label: "/muen/components/libmusinfo/src/musinfo-utils.adb:195:13" }
node: { title: "musinfo__utils__memory_by_hash" label: "Memory_By_Hash\n/muen/components/libmusinfo/src/musinfo-utils.adb:163:4\n112 bytes (static)" }
edge: { sourcename: "musinfo__utils__memory_by_hash" targetname: "memcmp" label: "/muen/components/libmusinfo/src/musinfo-utils.adb:173:39" }
node: { title: "musinfo__utils__is_valid" label: "Is_Valid\n/muen/components/libmusinfo/src/musinfo-utils.adb:154:4\n16 bytes (static)" }
node: { title: "musinfo__utils__names_match" label: "Names_Match\n/muen/components/libmusinfo/src/musinfo-utils.adb:133:4\n64 bytes (static)" }
edge: { sourcename: "musinfo__utils__names_match" targetname: "memcmp" label: "/muen/components/libmusinfo/src/musinfo-utils.adb:143:44" }
node: { title: "musinfo__utils__names_equal" label: "Names_Equal\n/muen/components/libmusinfo/src/musinfo-utils.adb:122:4\n40 bytes (static)" }
edge: { sourcename: "musinfo__utils__names_equal" targetname: "musinfo__utils__name_data_equal" label: "/muen/components/libmusinfo/src/musinfo-utils.adb:127:19" }
node: { title: "musinfo__utils__name_data_equal" label: "Name_Data_Equal\n/muen/components/libmusinfo/src/musinfo-utils.adb:104:4\n16 bytes (static)" }
node: { title: "musinfo__utils__element" label: "Element\n/muen/components/libmusinfo/src/musinfo-utils.adb:80:4\n112 bytes (static)" }
node: { title: "musinfo__utils__create_memory_iterator" label: "Create_Memory_Iterator\n/muen/components/libmusinfo/src/musinfo-utils.adb:60:4\n112 bytes (static)" }
edge: { sourcename: "musinfo__utils__create_memory_iterator" targetname: "musinfo__utils__memory_iterator_typeIP" label: "/muen/components/libmusinfo/src/musinfo-utils.adb:64:7" }
node: { title: "musinfo__utils__concat" label: "Concat\n/muen/components/libmusinfo/src/musinfo-utils.adb:34:4\n16 bytes (static)" }
node: { title: "musinfo__utils__has_element" label: "Has_Element\n/muen/components/libmusinfo/src/musinfo-utils.ads:184:4\n16 bytes (static)" }
node: { title: "musinfo__utils__memory_iterator_typeIP" label: "Memory_Iterator_Typeip\n/muen/components/libmusinfo/src/musinfo-utils.ads:172:9\n16 bytes (static)" }
node: { title: "musinfo__utils__tsc_khz" label: "Tsc_Khz\n/muen/components/libmusinfo/src/musinfo-utils.ads:169:4\n16 bytes (static)" }
node: { title: "musinfo__utils__subject_name" label: "Subject_Name\n/muen/components/libmusinfo/src/musinfo-utils.ads:166:4\n16 bytes (static)" }
}
